[11:51:24] [ServerMain/INFO]: Environment: Environment[sessionHost=https://sessionserver.mojang.com, servicesHost=https://api.minecraftservices.com, name=PROD]
[11:51:27] [ServerMain/INFO]: Loaded 1174 recipes
[11:51:28] [ServerMain/INFO]: Loaded 1271 advancements
[11:51:28] [Server thread/INFO]: Starting minecraft server version 1.20.4
[11:51:28] [Server thread/INFO]: Loading properties
[11:51:28] [Server thread/INFO]: This server is running Paper version git-Paper-499 (MC: 1.20.4) (Implementing API version 1.20.4-R0.1-SNAPSHOT) (Git: 9de3f75 on ver/1.20.4)
[11:51:29] [Server thread/INFO]: Server Ping Player Sample Count: 12
[11:51:29] [Server thread/INFO]: Using 4 threads for Netty based IO
[11:51:30] [Server thread/WARN]: [!] The timings profiler has been enabled but has been scheduled for removal from Paper in the future.
    We recommend installing the spark profiler as a replacement: https://spark.lucko.me/
    For more information please visit: https://github.com/PaperMC/Paper/issues/8948
[11:51:30] [Server thread/INFO]: [ChunkTaskScheduler] Chunk system is using 1 I/O threads, 1 worker threads, and gen parallelism of 1 threads
[11:51:30] [Server thread/INFO]: Default game type: SURVIVAL
[11:51:30] [Server thread/INFO]: Generating keypair
[11:51:30] [Server thread/INFO]: Starting Minecraft server on *:25565
[11:51:30] [Server thread/INFO]: Using epoll channel type
[11:51:30] [Server thread/INFO]: Paper: Using libdeflate (Linux x86_64) compression from Velocity.
[11:51:30] [Server thread/INFO]: Paper: Using OpenSSL 3.0.x (Linux x86_64) cipher from Velocity.
[11:51:31] [Server thread/INFO]: [playit-gg] Loading server plugin playit-gg v0.2.0
[11:51:31] [Server thread/INFO]: [TAB] Loading server plugin TAB v6.1.0
[11:51:31] [Server thread/INFO]: Server permissions file permissions.yml is empty, ignoring it
[11:51:31] [Server thread/WARN]: **** SERVER IS RUNNING IN OFFLINE/INSECURE MODE!
[11:51:31] [Server thread/WARN]: The server will make no attempt to authenticate usernames. Beware.
[11:51:31] [Server thread/WARN]: While this makes the game possible to play without internet access, it also opens up the ability for hackers to connect with any username they choose.
[11:51:31] [Server thread/WARN]: To change this, set "online-mode" to "true" in the server.properties file.
[11:51:31] [Server thread/INFO]: Preparing level "world"
[11:51:31] [Server thread/INFO]: Preparing start region for dimension minecraft:overworld
[11:51:32] [Server thread/INFO]: Time elapsed: 485 ms
[11:51:32] [Server thread/INFO]: Preparing start region for dimension minecraft:the_nether
[11:51:32] [Server thread/INFO]: Time elapsed: 163 ms
[11:51:32] [Server thread/INFO]: Preparing start region for dimension minecraft:the_end
[11:51:33] [Server thread/INFO]: Time elapsed: 484 ms
[11:51:33] [Server thread/INFO]: [playit-gg] Enabling playit-gg v0.2.0
[11:51:35] [Thread-6/INFO]: [gg.playit.minecraft.PlayitKeysSetup] secret key found, checking
[11:51:35] [Thread-6/INFO]: [gg.playit.minecraft.PlayitKeysSetup] check secret
[11:51:35] [Server thread/INFO]: [TAB] Enabling TAB v6.1.0
[11:51:35] [Server thread/INFO]: [TAB] Found NMS implementation: me.neznamy.tab.platforms.bukkit.v1_20_R3.NMSImplementationProvider
[11:51:37] [Server thread/INFO]: [TAB] Enabled in 1318ms
[11:51:37] [Thread-6/INFO]: [gg.playit.minecraft.PlayitKeysSetup] secret verified, ready to connect
[11:51:37] [Thread-6/INFO]: [gg.playit.minecraft.PlayitManager] keys setup complete, ready to connect
[11:51:37] [Server thread/INFO]: Running delayed init tasks
[11:51:37] [Server thread/INFO]: [gg.playit.minecraft.PlayitPipelineInjector] injected playit header decoder into server channel: [id: 0xf699b163, L:/[0:0:0:0:0:0:0:0%0]:25565]
[11:51:37] [Server thread/INFO]: [gg.playit.minecraft.PlayitBukkit] playit header decoder injected into server pipeline
[11:51:37] [Server thread/INFO]: Done (9.278s)! For help, type "help"
[11:51:37] [Server thread/INFO]: Timings Reset
[11:51:38] [Thread-6/WARN]: [gg.playit.control.ChannelSetup] Got IO error working with :/[2602:fbaf:840:1:0:0:0:1]:5525, error : java.net.SocketException: Network is unreachable
[11:51:38] [Thread-6/INFO]: [gg.playit.control.ChannelSetup] request queued, waiting 1 second before resend
[11:51:40] [Thread-6/INFO]: [gg.playit.minecraft.PlayitManager] found minecraft java tunnel: within-saskatchewan.gl.joinmc.link
[11:51:40] [Thread-6/INFO]: playit.gg: tunnel setup
[11:51:40] [Thread-6/INFO]: playit.gg: within-saskatchewan.gl.joinmc.link
[11:55:40] [Thread-6/INFO]: [gg.playit.control.ChannelSetup] send keep alive
[11:59:41] [Thread-6/INFO]: [gg.playit.control.ChannelSetup] send keep alive
[12:03:41] [Thread-6/INFO]: [gg.playit.control.ChannelSetup] send keep alive
[12:07:42] [Thread-6/INFO]: [gg.playit.control.ChannelSetup] send keep alive
[12:11:18] [Server thread/INFO]: Stopping the server
[12:11:18] [Server thread/INFO]: Stopping server
[12:11:18] [Server thread/INFO]: [TAB] Disabling TAB v6.1.0
[12:11:18] [Server thread/INFO]: [TAB] Disabled in 0ms
[12:11:18] [Server thread/INFO]: [playit-gg] Disabling playit-gg v0.2.0
[12:11:18] [Server thread/INFO]: Saving players
[12:11:18] [Thread-6/INFO]: [gg.playit.minecraft.PlayitManager] control channel shutdown
[12:11:18] [Server thread/INFO]: Saving worlds
[12:11:18] [Server thread/INFO]: Saving chunks for level 'ServerLevel[world]'/minecraft:overworld
[12:11:18] [Server thread/INFO]: [ChunkHolderManager] Waiting 60s for chunk system to halt for world 'world'
[12:11:18] [Server thread/INFO]: [ChunkHolderManager] Halted chunk system for world 'world'
[12:11:18] [Server thread/INFO]: [ChunkHolderManager] Saving all chunkholders for world 'world'
[12:11:18] [Server thread/INFO]: [ChunkHolderManager] Saved 0 block chunks, 1 entity chunks, 0 poi chunks in world 'world' in 0.01s
[12:11:18] [Server thread/INFO]: ThreadedAnvilChunkStorage (world): All chunks are saved
[12:11:18] [Server thread/INFO]: Saving chunks for level 'ServerLevel[world_nether]'/minecraft:the_nether
[12:11:18] [Server thread/INFO]: [ChunkHolderManager] Waiting 60s for chunk system to halt for world 'world_nether'
[12:11:18] [Server thread/INFO]: [ChunkHolderManager] Halted chunk system for world 'world_nether'
[12:11:18] [Server thread/INFO]: [ChunkHolderManager] Saving all chunkholders for world 'world_nether'
[12:11:18] [Server thread/INFO]: [ChunkHolderManager] Saved 0 block chunks, 0 entity chunks, 0 poi chunks in world 'world_nether' in 0.00s
[12:11:18] [Server thread/INFO]: ThreadedAnvilChunkStorage (DIM-1): All chunks are saved
[12:11:18] [Server thread/INFO]: Saving chunks for level 'ServerLevel[world_the_end]'/minecraft:the_end
[12:11:18] [Server thread/INFO]: [ChunkHolderManager] Waiting 60s for chunk system to halt for world 'world_the_end'
[12:11:18] [Server thread/INFO]: [ChunkHolderManager] Halted chunk system for world 'world_the_end'
[12:11:19] [Server thread/INFO]: [ChunkHolderManager] Saving all chunkholders for world 'world_the_end'
[12:11:19] [Server thread/INFO]: [ChunkHolderManager] Saved 0 block chunks, 0 entity chunks, 0 poi chunks in world 'world_the_end' in 0.00s
[12:11:19] [Server thread/INFO]: ThreadedAnvilChunkStorage (DIM1): All chunks are saved
[12:11:19] [Server thread/INFO]: ThreadedAnvilChunkStorage: All dimensions are saved
[12:11:19] [Server thread/INFO]: Flushing Chunk IO
[12:11:19] [Server thread/INFO]: Closing Thread Pool
[12:11:19] [Server thread/INFO]: Closing Server
