#
# There is insufficient memory for the Java Runtime Environment to continue.
# Native memory allocation (mmap) failed to map 8589934592 bytes. Error detail: committing reserved memory.
# Possible reasons:
#   The system is out of physical RAM or swap space
#   This process has exceeded the maximum number of memory mappings (check below
#     for `/proc/sys/vm/max_map_count` and `Total number of mappings`)
#   This process is running with CompressedOops enabled, and the Java Heap may be blocking the growth of the native heap
# Possible solutions:
#   Reduce memory load on the system
#   Increase physical memory or swap space
#   Check if swap backing store is full
#   Decrease Java heap size (-Xmx/-Xms)
#   Decrease number of Java threads
#   Decrease Java thread stack sizes (-Xss)
#   Set larger code cache with -XX:ReservedCodeCacheSize=
#   JVM is running with Zero Based Compressed Oops mode in which the Java heap is
#     placed in the first 32GB address space. The Java Heap base address is the
#     maximum limit for the native heap growth. Please use -XX:HeapBaseMinAddress
#     to set the Java Heap base and to place the Java Heap above 32GB virtual address.
# This output file may be truncated or incomplete.
#
#  Out of Memory Error (os_linux.cpp:2965), pid=21347, tid=21348
#
# JRE version:  (25.0.2+10) (build )
# Java VM: OpenJDK 64-Bit Server VM (25.0.2+10-LTS, mixed mode, sharing, tiered, compressed oops, compressed class ptrs, g1 gc, linux-amd64)
# Core dump will be written. Default location: Core dumps may be processed with "/usr/share/apport/apport -p%p -s%s -c%c -d%d -P%P -u%u -g%g -F%F -- %E" (or dumping to /workspaces/mcserver/paper-server/core.21347)
#

---------------  S U M M A R Y ------------

Command Line: -Xms8G -Xmx8G paper.jar --nogui

Host: AMD EPYC 9V74 80-Core Processor, 2 cores, 7G, Ubuntu 24.04.4 LTS
Time: Tue Jul 28 09:29:48 2026 UTC elapsed time: 0.006611 seconds (0d 0h 0m 0s)

---------------  T H R E A D  ---------------

Current thread (0x00007d0d24029fc0):  JavaThread "Unknown thread" [_thread_in_vm, id=21348, stack(0x00007d0d2c154000,0x00007d0d2c254000) (1024K)]

Stack: [0x00007d0d2c154000,0x00007d0d2c254000],  sp=0x00007d0d2c250430,  free space=1009k
Native frames: (J=compiled Java code, j=interpreted, Vv=VM code, C=native code)
V  [libjvm.so+0x1195fe4]  VMError::report(outputStream*, bool)+0x2d04  (os_linux.cpp:2965)
V  [libjvm.so+0x11983ae]  VMError::report_and_die(int, char const*, char const*, __va_list_tag*, Thread*, unsigned char*, void const*, void const*, char const*, int, unsigned long)+0x2be
V  [libjvm.so+0x1198f6d]
V  [libjvm.so+0x778a2f]
V  [libjvm.so+0xe24118]  os::Linux::commit_memory_impl(char*, unsigned long, bool) [clone .part.0]+0xe8
V  [libjvm.so+0xe246a2]  os::pd_commit_memory_or_exit(char*, unsigned long, unsigned long, bool, char const*)+0x82
V  [libjvm.so+0xe1762d]  os::commit_memory_or_exit(char*, unsigned long, unsigned long, bool, char const*)+0x1d
V  [libjvm.so+0x9055bb]  G1PageBasedVirtualSpace::commit(unsigned long, unsigned long)+0xfb
V  [libjvm.so+0x91b5ff]  G1RegionsLargerThanCommitSizeMapper::commit_regions(unsigned int, unsigned long, WorkerThreads*)+0x9f
V  [libjvm.so+0x8eec55]  G1HeapRegionManager::commit_regions(unsigned int, unsigned long, WorkerThreads*)+0x55
V  [libjvm.so+0x8f084b]  G1HeapRegionManager::expand(unsigned int, unsigned int, WorkerThreads*)+0x2b
V  [libjvm.so+0x8f0a6e]  G1HeapRegionManager::expand_by(unsigned int, WorkerThreads*)+0x7e
V  [libjvm.so+0x8a3fa6]  G1CollectedHeap::expand(unsigned long, WorkerThreads*, double*)+0xb6
V  [libjvm.so+0x8a5fae]  G1CollectedHeap::initialize()+0x58e
V  [libjvm.so+0x113aa2b]  universe_init()+0xeb
V  [libjvm.so+0x9bee11]  init_globals()+0x61
V  [libjvm.so+0x1113c48]  Threads::create_vm(JavaVMInitArgs*, bool*)+0x2e8
V  [libjvm.so+0xaaaaff]  JNI_CreateJavaVM+0x4f
C  [libjli.so+0x3bbb]  JavaMain+0x8b
C  [libjli.so+0x7b49]  ThreadJavaMain+0x9
C  [libc.so.6+0x9caa4]
Lock stack of current Java thread (top to bottom):


---------------  P R O C E S S  ---------------

Threads class SMR info:
_java_thread_list=0x00007d0d2da6cae0, length=0, elements={
}

Java Threads: ( => current thread )
Total: 0

Other Threads:
  0x00007d0d24055330 WorkerThread "GC Thread#0"                     [id=21349, stack(0x00007d0d29b00000,0x00007d0d29c00000) (1024K)]
  0x00007d0d2406eb80 ConcurrentGCThread "G1 Main Marker"            [id=21350, stack(0x00007d0d299ff000,0x00007d0d29aff000) (1024K)]
  0x00007d0d2406fd50 WorkerThread "G1 Conc#0"                       [id=21351, stack(0x00007d0d298fe000,0x00007d0d299fe000) (1024K)]

[error occurred during error reporting (printing all threads), id 0xb, SIGSEGV (0xb) at pc=0x00007d0d2cc0607b]
VM state: not at safepoint (not fully initialized)

VM Mutex/Monitor currently owned by a thread:  ([mutex/lock_event])
[0x00007d0d2da46088] Heap_lock - owner thread: 0x00007d0d24029fc0

Heap address: 0x0000000600000000, size: 8192 MB, Compressed Oops mode: Zero based, Oop shift amount: 3

CDS archive(s) mapped at: [0x0000000000000000-0x0000000000000000-0x0000000000000000), size 0, SharedBaseAddress: 0x0000000800000000, ArchiveRelocationMode: 1.
UseCompressedClassPointers 1, UseCompactObjectHeaders 0
Narrow klass pointer bits 32, Max shift 3
Narrow klass base: 0xffffffffffffffff, Narrow klass shift: -1
Encoding Range: [0xffffffffffffffff - 0x000000007fffffff), (2147483648 bytes)
Klass Range:    [0x0000000000000000 - 0x0000000000000000), (0 bytes)
Klass ID Range:  [4294967295 - 0) (1)
No protection zone.

GC Precious Log:
 CardTable entry size: 512
 Card Set container configuration: InlinePtr #cards 4 size 8 Array Of Cards #cards 32 size 80 Howl #buckets 8 coarsen threshold 7372 Howl Bitmap #cards 1024 size 144 coarsen threshold 921 Card regions per heap region 1 cards per card region 8192

Heap:
 garbage-first heap   total reserved 8388608K, committed 0K, used 0K [0x0000000600000000, 0x0000000800000000)
  region size 4096K, 0 young (0K), 0 survivors (0K)

Heap Regions: E=young(eden), S=young(survivor), O=old, HS=humongous(starts), HC=humongous(continues), CS=collection set, F=free, TAMS=top-at-mark-start, PB=parsable bottom

Card table byte_map: [0x00007d0d29c00000,0x00007d0d2ac00000] _byte_map_base: 0x00007d0d26c00000

Marking Bits: (CMBitMap*) 0x00007d0d24056080
 Bits: [0x00007d0d04400000, 0x00007d0d0c400000)

GC Heap Usage History (0 events):
No events

Metaspace Usage History (0 events):
No events

Dll operation events (1 events):
Event: 0.003 Loaded shared library /usr/local/sdkman/candidates/java/25.0.2-ms/lib/libjava.so

Deoptimization events (0 events):
No events

Classes loaded (0 events):
No events

Classes unloaded (0 events):
No events

Classes redefined (0 events):
No events

Internal exceptions (0 events):
No events

VM Operations (0 events):
No events

Memory protections (1 events):
Event: 0.002 Protecting memory [0x00007d0d2c154000,0x00007d0d2c158000] with protection modes 0

Nmethod flushes (0 events):
No events

Events (0 events):
No events


Dynamic libraries:
5be68ac3c000-5be68ac3d000 r-xp 00000000 00:2d 77694                      /usr/local/sdkman/candidates/java/25.0.2-ms/bin/java
5be68ac3e000-5be68ac3f000 r--p 00001000 00:2d 77694                      /usr/local/sdkman/candidates/java/25.0.2-ms/bin/java
5be68ac3f000-5be68ac40000 rw-p 00002000 00:2d 77694                      /usr/local/sdkman/candidates/java/25.0.2-ms/bin/java
5be68f421000-5be68f46a000 rw-p 00000000 00:00 0                          [heap]
7d0cf6000000-7d0cf8021000 rw-p 00000000 00:00 0 
7d0cf8021000-7d0cfc000000 ---p 00000000 00:00 0 
7d0cfc000000-7d0cfc021000 rw-p 00000000 00:00 0 
7d0cfc021000-7d0d00000000 ---p 00000000 00:00 0 
7d0d00000000-7d0d00021000 rw-p 00000000 00:00 0 
7d0d00021000-7d0d04000000 ---p 00000000 00:00 0 
7d0d04400000-7d0d0c400000 ---p 00000000 00:00 0 
7d0d0c400000-7d0d0c670000 rwxp 00000000 00:00 0 
7d0d0c670000-7d0d13938000 ---p 00000000 00:00 0 
7d0d13938000-7d0d13ba8000 rwxp 00000000 00:00 0 
7d0d13ba8000-7d0d13ec6000 ---p 00000000 00:00 0 
7d0d13ec6000-7d0d14136000 rwxp 00000000 00:00 0 
7d0d14136000-7d0d1b400000 ---p 00000000 00:00 0 
7d0d1b505000-7d0d24000000 r--s 00000000 00:2d 78193                      /usr/local/sdkman/candidates/java/25.0.2-ms/lib/modules
7d0d24000000-7d0d240a6000 rw-p 00000000 00:00 0 
7d0d240a6000-7d0d28000000 ---p 00000000 00:00 0 
7d0d2922a000-7d0d298fd000 rw-p 00000000 00:00 0 
7d0d298fd000-7d0d298fe000 ---p 00000000 00:00 0 
7d0d298fe000-7d0d299fe000 rw-p 00000000 00:00 0 
7d0d299fe000-7d0d299ff000 ---p 00000000 00:00 0 
7d0d299ff000-7d0d29aff000 rw-p 00000000 00:00 0 
7d0d29aff000-7d0d29b00000 ---p 00000000 00:00 0 
7d0d29b00000-7d0d29c00000 rw-p 00000000 00:00 0 
7d0d29c00000-7d0d2bc00000 ---p 00000000 00:00 0 
7d0d2bc5f000-7d0d2bf2d000 rw-p 00000000 00:00 0 
7d0d2bf2d000-7d0d2c013000 ---p 00000000 00:00 0 
7d0d2c013000-7d0d2c018000 rw-p 00000000 00:00 0 
7d0d2c018000-7d0d2c01f000 ---p 00000000 00:00 0 
7d0d2c01f000-7d0d2c024000 rw-p 00000000 00:00 0 
7d0d2c024000-7d0d2c10a000 ---p 00000000 00:00 0 
7d0d2c10a000-7d0d2c12a000 r-xp 00000000 00:2d 78168                      /usr/local/sdkman/candidates/java/25.0.2-ms/lib/libjava.so
7d0d2c12a000-7d0d2c12b000 r--p 0001f000 00:2d 78168                      /usr/local/sdkman/candidates/java/25.0.2-ms/lib/libjava.so
7d0d2c12b000-7d0d2c12c000 rw-p 00020000 00:2d 78168                      /usr/local/sdkman/candidates/java/25.0.2-ms/lib/libjava.so
7d0d2c12c000-7d0d2c12d000 rw-p 00000000 00:00 0 
7d0d2c12d000-7d0d2c135000 rw-s 00000000 08:11 2621452                    /tmp/hsperfdata_codespace/21347
7d0d2c135000-7d0d2c150000 r-xp 00000000 00:2d 78172                      /usr/local/sdkman/candidates/java/25.0.2-ms/lib/libjimage.so
7d0d2c150000-7d0d2c151000 ---p 0001b000 00:2d 78172                      /usr/local/sdkman/candidates/java/25.0.2-ms/lib/libjimage.so
7d0d2c151000-7d0d2c153000 r--p 0001b000 00:2d 78172                      /usr/local/sdkman/candidates/java/25.0.2-ms/lib/libjimage.so
7d0d2c153000-7d0d2c154000 rw-p 0001d000 00:2d 78172                      /usr/local/sdkman/candidates/java/25.0.2-ms/lib/libjimage.so
7d0d2c154000-7d0d2c158000 ---p 00000000 00:00 0 
7d0d2c158000-7d0d2c254000 rw-p 00000000 00:00 0 
7d0d2c254000-7d0d2c264000 r--p 00000000 00:2d 1049506                    /usr/lib/x86_64-linux-gnu/libm.so.6
7d0d2c264000-7d0d2c2e3000 r-xp 00010000 00:2d 1049506                    /usr/lib/x86_64-linux-gnu/libm.so.6
7d0d2c2e3000-7d0d2c33b000 r--p 0008f000 00:2d 1049506                    /usr/lib/x86_64-linux-gnu/libm.so.6
7d0d2c33b000-7d0d2c33c000 r--p 000e7000 00:2d 1049506                    /usr/lib/x86_64-linux-gnu/libm.so.6
7d0d2c33c000-7d0d2c33d000 rw-p 000e8000 00:2d 1049506                    /usr/lib/x86_64-linux-gnu/libm.so.6
7d0d2c33d000-7d0d2c33e000 r--p 00000000 00:2d 1049545                    /usr/lib/x86_64-linux-gnu/librt.so.1
7d0d2c33e000-7d0d2c33f000 r-xp 00001000 00:2d 1049545                    /usr/lib/x86_64-linux-gnu/librt.so.1
7d0d2c33f000-7d0d2c340000 r--p 00002000 00:2d 1049545                    /usr/lib/x86_64-linux-gnu/librt.so.1
7d0d2c340000-7d0d2c341000 r--p 00002000 00:2d 1049545                    /usr/lib/x86_64-linux-gnu/librt.so.1
7d0d2c341000-7d0d2c342000 rw-p 00003000 00:2d 1049545                    /usr/lib/x86_64-linux-gnu/librt.so.1
7d0d2c342000-7d0d2d8e7000 r-xp 00000000 00:2d 78206                      /usr/local/sdkman/candidates/java/25.0.2-ms/lib/server/libjvm.so
7d0d2d8e7000-7d0d2d8e8000 ---p 015a5000 00:2d 78206                      /usr/local/sdkman/candidates/java/25.0.2-ms/lib/server/libjvm.so
7d0d2d8e8000-7d0d2d9d1000 r--p 015a5000 00:2d 78206                      /usr/local/sdkman/candidates/java/25.0.2-ms/lib/server/libjvm.so
7d0d2d9d1000-7d0d2d9fc000 rw-p 0168e000 00:2d 78206                      /usr/local/sdkman/candidates/java/25.0.2-ms/lib/server/libjvm.so
7d0d2d9fc000-7d0d2da7c000 rw-p 00000000 00:00 0 
7d0d2da7c000-7d0d2da7d000 r--p 00000000 00:2d 1049543                    /usr/lib/x86_64-linux-gnu/libpthread.so.0
7d0d2da7d000-7d0d2da7e000 r-xp 00001000 00:2d 1049543                    /usr/lib/x86_64-linux-gnu/libpthread.so.0
7d0d2da7e000-7d0d2da7f000 r--p 00002000 00:2d 1049543                    /usr/lib/x86_64-linux-gnu/libpthread.so.0
7d0d2da7f000-7d0d2da80000 r--p 00002000 00:2d 1049543                    /usr/lib/x86_64-linux-gnu/libpthread.so.0
7d0d2da80000-7d0d2da81000 rw-p 00003000 00:2d 1049543                    /usr/lib/x86_64-linux-gnu/libpthread.so.0
7d0d2da81000-7d0d2da82000 r--p 00000000 00:2d 1049478                    /usr/lib/x86_64-linux-gnu/libdl.so.2
7d0d2da82000-7d0d2da83000 r-xp 00001000 00:2d 1049478                    /usr/lib/x86_64-linux-gnu/libdl.so.2
7d0d2da83000-7d0d2da84000 r--p 00002000 00:2d 1049478                    /usr/lib/x86_64-linux-gnu/libdl.so.2
7d0d2da84000-7d0d2da85000 r--p 00002000 00:2d 1049478                    /usr/lib/x86_64-linux-gnu/libdl.so.2
7d0d2da85000-7d0d2da86000 rw-p 00003000 00:2d 1049478                    /usr/lib/x86_64-linux-gnu/libdl.so.2
7d0d2da86000-7d0d2da88000 r--p 00000000 00:2d 1049577                    /usr/lib/x86_64-linux-gnu/libz.so.1.3
7d0d2da88000-7d0d2da9a000 r-xp 00002000 00:2d 1049577                    /usr/lib/x86_64-linux-gnu/libz.so.1.3
7d0d2da9a000-7d0d2daa0000 r--p 00014000 00:2d 1049577                    /usr/lib/x86_64-linux-gnu/libz.so.1.3
7d0d2daa0000-7d0d2daa1000 r--p 0001a000 00:2d 1049577                    /usr/lib/x86_64-linux-gnu/libz.so.1.3
7d0d2daa1000-7d0d2daa2000 rw-p 0001b000 00:2d 1049577                    /usr/lib/x86_64-linux-gnu/libz.so.1.3
7d0d2daa2000-7d0d2daca000 r--p 00000000 00:2d 1049464                    /usr/lib/x86_64-linux-gnu/libc.so.6
7d0d2daca000-7d0d2dc52000 r-xp 00028000 00:2d 1049464                    /usr/lib/x86_64-linux-gnu/libc.so.6
7d0d2dc52000-7d0d2dca1000 r--p 001b0000 00:2d 1049464                    /usr/lib/x86_64-linux-gnu/libc.so.6
7d0d2dca1000-7d0d2dca5000 r--p 001fe000 00:2d 1049464                    /usr/lib/x86_64-linux-gnu/libc.so.6
7d0d2dca5000-7d0d2dca7000 rw-p 00202000 00:2d 1049464                    /usr/lib/x86_64-linux-gnu/libc.so.6
7d0d2dca7000-7d0d2dcb4000 rw-p 00000000 00:00 0 
7d0d2dcb9000-7d0d2dcba000 ---p 00000000 00:00 0 
7d0d2dcba000-7d0d2dcbb000 r--p 00000000 00:00 0 
7d0d2dcbb000-7d0d2dcbc000 ---p 00000000 00:00 0 
7d0d2dcbc000-7d0d2dcca000 r-xp 00000000 00:2d 78173                      /usr/local/sdkman/candidates/java/25.0.2-ms/lib/libjli.so
7d0d2dcca000-7d0d2dccb000 ---p 0000e000 00:2d 78173                      /usr/local/sdkman/candidates/java/25.0.2-ms/lib/libjli.so
7d0d2dccb000-7d0d2dccc000 r--p 0000e000 00:2d 78173                      /usr/local/sdkman/candidates/java/25.0.2-ms/lib/libjli.so
7d0d2dccc000-7d0d2dccd000 rw-p 0000f000 00:2d 78173                      /usr/local/sdkman/candidates/java/25.0.2-ms/lib/libjli.so
7d0d2dccd000-7d0d2dccf000 rw-p 00000000 00:00 0 
7d0d2dccf000-7d0d2dcd0000 r--p 00000000 00:2d 1049444                    /usr/lib/x86_64-linux-gnu/ld-linux-x86-64.so.2
7d0d2dcd0000-7d0d2dcfb000 r-xp 00001000 00:2d 1049444                    /usr/lib/x86_64-linux-gnu/ld-linux-x86-64.so.2
7d0d2dcfb000-7d0d2dd05000 r--p 0002c000 00:2d 1049444                    /usr/lib/x86_64-linux-gnu/ld-linux-x86-64.so.2
7d0d2dd05000-7d0d2dd07000 r--p 00036000 00:2d 1049444                    /usr/lib/x86_64-linux-gnu/ld-linux-x86-64.so.2
7d0d2dd07000-7d0d2dd09000 rw-p 00038000 00:2d 1049444                    /usr/lib/x86_64-linux-gnu/ld-linux-x86-64.so.2
7ffd66946000-7ffd66968000 rw-p 00000000 00:00 0                          [stack]
7ffd669d6000-7ffd669da000 r--p 00000000 00:00 0                          [vvar]
7ffd669da000-7ffd669dc000 r-xp 00000000 00:00 0                          [vdso]
ffffffffff600000-ffffffffff601000 --xp 00000000 00:00 0                  [vsyscall]
Total number of mappings: 98

JVMTI agents: none


VM Arguments:
jvm_args: -Xms8G -Xmx8G 
java_command: paper.jar --nogui
java_class_path (initial): paper.jar
Launcher Type: SUN_STANDARD

[Global flags]
     intx CICompilerCount                          = 2                                         {product} {ergonomic}
     uint ConcGCThreads                            = 1                                         {product} {ergonomic}
     uint G1ConcRefinementThreads                  = 2                                         {product} {ergonomic}
   size_t G1HeapRegionSize                         = 4194304                                   {product} {ergonomic}
   size_t InitialHeapSize                          = 8589934592                                {product} {command line}
   size_t MarkStackSize                            = 4194304                                   {product} {ergonomic}
   size_t MarkStackSizeMax                         = 536870912                                 {product} {ergonomic}
   size_t MaxHeapSize                              = 8589934592                                {product} {command line}
   size_t MinHeapDeltaBytes                        = 4194304                                   {product} {ergonomic}
   size_t MinHeapSize                              = 8589934592                                {product} {command line}
    uintx NonNMethodCodeHeapSize                   = 5824512                                {pd product} {ergonomic}
    uintx NonProfiledCodeHeapSize                  = 122920960                              {pd product} {ergonomic}
    uintx ProfiledCodeHeapSize                     = 122912768                              {pd product} {ergonomic}
    uintx ReservedCodeCacheSize                    = 251658240                              {pd product} {ergonomic}
     bool SegmentedCodeCache                       = true                                      {product} {ergonomic}
   size_t SoftMaxHeapSize                          = 8589934592                             {manageable} {ergonomic}
     bool UseCompressedOops                        = true                           {product lp64_product} {ergonomic}
     bool UseG1GC                                  = true                                      {product} {ergonomic}

Logging:
Log output configuration:
 #0: stdout all=warning uptime,level,tags foldmultilines=false
 #1: stderr all=off uptime,level,tags foldmultilines=false

Release file:
<release file has not been read>
Environment Variables:
JAVA_HOME=/usr/local/sdkman/candidates/java/current
PATH=/usr/local/rvm/gems/ruby-3.4.7/bin:/usr/local/rvm/gems/ruby-3.4.7@global/bin:/usr/local/rvm/rubies/ruby-3.4.7/bin:/vscode/bin/linux-x64/1b6a188127eeaf9194f945eb6eb89a657e93c54c/bin/remote-cli:/home/codespace/.local/bin:/home/codespace/.dotnet:/home/codespace/nvm/current/bin:/home/codespace/.php/current/bin:/home/codespace/.python/current/bin:/home/codespace/java/current/bin:/home/codespace/.ruby/current/bin:/home/codespace/.local/bin:/usr/local/python/current/bin:/usr/local/py-utils/bin:/usr/local/jupyter:/usr/local/oryx:/usr/local/go/bin:/go/bin:/usr/local/sdkman/bin:/usr/local/sdkman/candidates/java/current/bin:/usr/local/sdkman/candidates/gradle/current/bin:/usr/local/sdkman/candidates/maven/current/bin:/usr/local/sdkman/candidates/ant/current/bin:/usr/local/rvm/gems/default/bin:/usr/local/rvm/gems/default@global/bin:/usr/local/rvm/rubies/default/bin:/usr/local/share/rbenv/bin:/usr/local/php/current/bin:/opt/conda/bin:/usr/local/nvs:/usr/local/share/nvm/versions/node/v24.14.0/bin:/usr/local/hugo/bin:/usr/local/sbin:/usr/local/bin:/usr/sbin:/usr/bin:/sbin:/bin:/usr/share/dotnet:/home/codespace/.dotnet/tools:/usr/local/rvm/bin
SHELL=/bin/bash
LANG=C.UTF-8
TERM=xterm-256color

Active Locale:
LC_ALL=C
LC_COLLATE=C
LC_CTYPE=C
LC_MESSAGES=C
LC_MONETARY=C
LC_NUMERIC=C
LC_TIME=C

Signal Handlers:
   SIGSEGV: crash_handler in libjvm.so, mask=11100100010111111101111111111110, flags=SA_RESTART|SA_SIGINFO, unblocked
    SIGBUS: crash_handler in libjvm.so, mask=11100100010111111101111111111110, flags=SA_RESTART|SA_SIGINFO, unblocked
    SIGFPE: crash_handler in libjvm.so, mask=11100100010111111101111111111110, flags=SA_RESTART|SA_SIGINFO, unblocked
   SIGPIPE: javaSignalHandler in libjvm.so, mask=11100100010111111101111111111110, flags=SA_RESTART|SA_SIGINFO, blocked
   SIGXFSZ: javaSignalHandler in libjvm.so, mask=11100100010111111101111111111110, flags=SA_RESTART|SA_SIGINFO, blocked
    SIGILL: crash_handler in libjvm.so, mask=11100100010111111101111111111110, flags=SA_RESTART|SA_SIGINFO, unblocked
   SIGUSR2: SR_handler in libjvm.so, mask=00000000000000000000000000000000, flags=SA_RESTART|SA_SIGINFO, blocked
    SIGHUP: SIG_DFL, mask=00000000000000000000000000000000, flags=none, blocked
    SIGINT: SIG_DFL, mask=00000000000000000000000000000000, flags=none, blocked
   SIGTERM: SIG_DFL, mask=00000000000000000000000000000000, flags=none, blocked
   SIGQUIT: UserHandler in libjvm.so, mask=11100100010111111101111111111110, flags=SA_RESTART|SA_SIGINFO, blocked
   SIGTRAP: crash_handler in libjvm.so, mask=11100100010111111101111111111110, flags=SA_RESTART|SA_SIGINFO, unblocked


Compilation memory statistics disabled.

Periodic native trim disabled

---------------  S Y S T E M  ---------------

OS:
DISTRIB_ID=Ubuntu
DISTRIB_RELEASE=24.04
DISTRIB_CODENAME=noble
DISTRIB_DESCRIPTION="Ubuntu 24.04.4 LTS"
uname: Linux 6.8.0-1052-azure #58~22.04.1-Ubuntu SMP Thu Mar 26 05:02:21 UTC 2026 x86_64
OS uptime: 0 days 0:54 hours
libc: glibc 2.39 NPTL 2.39 
rlimit (soft/hard): STACK 8192k/infinity , CORE infinity/infinity , NPROC infinity/infinity , NOFILE 524288/524288 , AS infinity/infinity , CPU infinity/infinity , DATA infinity/infinity , FSIZE infinity/infinity , MEMLOCK 8192k/8192k
load average: 0.48 0.61 1.19

/proc/meminfo:
MemTotal:        8135200 kB
MemFree:         3914868 kB
MemAvailable:    6110736 kB
Buffers:           51572 kB
Cached:          2358688 kB
SwapCached:            0 kB
Active:          1439424 kB
Inactive:        2373424 kB
Active(anon):     889268 kB
Inactive(anon):   589292 kB
Active(file):     550156 kB
Inactive(file):  1784132 kB
Unevictable:       30912 kB
Mlocked:           27840 kB
SwapTotal:             0 kB
SwapFree:              0 kB
Zswap:                 0 kB
Zswapped:              0 kB
Dirty:              9680 kB
Writeback:             0 kB
AnonPages:       1379340 kB
Mapped:           325272 kB
Shmem:             66840 kB
KReclaimable:     175208 kB
Slab:             267952 kB
SReclaimable:     175208 kB
SUnreclaim:        92744 kB
KernelStack:        8416 kB
PageTables:        22776 kB
SecPageTables:         0 kB
NFS_Unstable:          0 kB
Bounce:                0 kB
WritebackTmp:          0 kB
CommitLimit:     4067600 kB
Committed_AS:    4578480 kB
VmallocTotal:   34359738367 kB
VmallocUsed:       41792 kB
VmallocChunk:          0 kB
Percpu:             1232 kB
HardwareCorrupted:     0 kB
AnonHugePages:    473088 kB
ShmemHugePages:        0 kB
ShmemPmdMapped:        0 kB
FileHugePages:         0 kB
FilePmdMapped:         0 kB
Unaccepted:            0 kB
HugePages_Total:       0
HugePages_Free:        0
HugePages_Rsvd:        0
HugePages_Surp:        0
Hugepagesize:       2048 kB
Hugetlb:               0 kB
DirectMap4k:      159680 kB
DirectMap2M:     8228864 kB
DirectMap1G:     2097152 kB

/sys/kernel/mm/transparent_hugepage/enabled: [always] madvise never
/sys/kernel/mm/transparent_hugepage/hpage_pmd_size: 2097152
/sys/kernel/mm/transparent_hugepage/shmem_enabled: always within_size advise [never] deny force
/sys/kernel/mm/transparent_hugepage/defrag (defrag/compaction efforts parameter): always defer defer+madvise [madvise] never

Process Memory:
Virtual Size: 890792K (peak: 9274468K)
Resident Set Size: 22232K (peak: 22232K) (anon: 7596K, file: 14636K, shmem: 0K)
Swapped out: 0K
C-Heap outstanding allocations: 10327K, retained: 588K
glibc malloc tunables: (default)

/proc/sys/kernel/threads-max (system-wide limit on the number of threads): 63498
/proc/sys/vm/max_map_count (maximum number of memory map areas a process may have): 65530
/proc/sys/vm/swappiness (control to define how aggressively the kernel swaps out anonymous memory): 60
/proc/sys/kernel/pid_max (system-wide limit on number of process identifiers): 4194304

container information not found.
Hyper-V virtualization detected
Steal ticks since vm start: 0
Steal ticks percentage since vm start:  0.000

CPU: total 2 (initial active 2) (16 cores per cpu, 2 threads per core) family 25 model 17 stepping 1 microcode 0xffffffff, cx8, cmov, fxsr, ht, mmx, 3dnowpref, sse, sse2, sse3, ssse3, sse4a, sse4.1, sse4.2, popcnt, lzcnt, tsc, tscinvbit, avx, avx2, aes, erms, clmul, bmi1, bmi2, adx, sha, fma, vzeroupper, clflush, clflushopt, clwb, hv, rdtscp, rdpid, fsrm, f16c, cet_ss
CPU Model and flags from /proc/cpuinfo:
model name	: AMD EPYC 9V74 80-Core Processor
flags		: fpu vme de pse tsc msr pae mce cx8 apic sep mtrr pge mca cmov pat pse36 clflush mmx fxsr sse sse2 ht syscall nx mmxext fxsr_opt pdpe1gb rdtscp lm constant_tsc rep_good nopl tsc_reliable nonstop_tsc cpuid extd_apicid aperfmperf tsc_known_freq pni pclmulqdq ssse3 fma cx16 pcid sse4_1 sse4_2 movbe popcnt aes xsave avx f16c rdrand hypervisor lahf_lm cmp_legacy svm cr8_legacy abm sse4a misalignsse 3dnowprefetch osvw topoext vmmcall fsgsbase bmi1 avx2 smep bmi2 erms invpcid rdseed adx smap clflushopt clwb sha_ni xsaveopt xsavec xgetbv1 xsaves user_shstk clzero xsaveerptr rdpru arat npt nrip_save tsc_scale vmcb_clean flushbyasid decodeassists pausefilter pfthreshold v_vmsave_vmload umip vaes vpclmulqdq rdpid fsrm

Online cpus: 0-1
Offline cpus: 
BIOS frequency limitation: <Not Available>
Frequency switch latency (ns): <Not Available>
Available cpu frequencies: <Not Available>
Current governor: <Not Available>
Core performance/turbo boost: <Not Available>

Memory: 4k page, physical 8135200k(6110736k free), swap 0k(0k free)
Page Sizes: 4k

vm_info: OpenJDK 64-Bit Server VM (25.0.2+10-LTS) for linux-amd64 JRE (25.0.2+10-LTS), built on 2026-01-07T20:08:09Z with gcc 11.3.0

END.
